// Jest Snapshot v1, https://goo.gl/fbAQLP

exports[`BankList renders without crashing 1`] = `<div />`;
